Package: tsc
Fetcher: github
Source:  https://github.com/ubolonton/emacs-tree-sitter.git

Updating /mnt/store/melpa/working/tsc/
Copying files (->) and directories (=>)
  from /mnt/store/melpa/working/tsc/
  to /tmp/tscnQJ8yM/tsc-20210320.1052
  ! core/tsc-dyn-get.el -> tsc-dyn-get.el
  ! core/tsc-obsolete.el -> tsc-obsolete.el
  ! core/tsc.el -> tsc.el
  ! core/Cargo.toml -> Cargo.toml
  ! core/src => src
Created tsc-20210320.1052.tar containing:
  tsc-20210320.1052/
  tsc-20210320.1052/Cargo.toml
  tsc-20210320.1052/src/
  tsc-20210320.1052/src/cursor.rs
  tsc-20210320.1052/src/error.rs
  tsc-20210320.1052/src/lang.rs
  tsc-20210320.1052/src/lib.rs
  tsc-20210320.1052/src/node.rs
  tsc-20210320.1052/src/parser.rs
  tsc-20210320.1052/src/query.rs
  tsc-20210320.1052/src/tree.rs
  tsc-20210320.1052/src/types.rs
  tsc-20210320.1052/tsc-dyn-get.el
  tsc-20210320.1052/tsc-obsolete.el
  tsc-20210320.1052/tsc-pkg.el
  tsc-20210320.1052/tsc.el
Built tsc in 8.917s, finished at Mon Apr  5 16:31:46 2021
 ✓ Success:
4.0K -rw-r--r-- 1 root root  495 Apr  5 16:31 packages/tsc-20210320.1052.entry
 92K -rw-r--r-- 1 root root  90K Apr  5 16:31 packages/tsc-20210320.1052.tar
4.0K -rw-r--r-- 1 root root 1.2K Apr  5 16:31 packages/tsc-badge.svg
4.0K -rw-r--r-- 1 root root   91 Apr  5 16:31 packages/tsc-readme.txt
